stacked_medium   penalty=0.0ms q2_a0.8_or           p95_wait: 14.633->11.989 (-18.1%) sign_p=<0.0001 harm=False  fires=158.0 recall=1.0  precision=1.0
stacked_medium   penalty=0.0ms q2_a0.8_and          p95_wait: 14.633->12.344 (-15.6%) sign_p=0.0015 harm=False  fires=135.8 recall=1.0  precision=1.0
stacked_medium   penalty=0.0ms q2_a1.5_or           p95_wait: 14.633->11.989 (-18.1%) sign_p=<0.0001 harm=False  fires=147.5 recall=1.0  precision=1.0
stacked_medium   penalty=0.0ms q2_a1.5_and          p95_wait: 14.633->12.511 (-14.5%) sign_p=<0.0001 harm=False  fires=55.7 recall=1.0  precision=1.0
stacked_medium   penalty=0.0ms q4_a0.8_or           p95_wait: 14.633->11.544 (-21.1%) sign_p=<0.0001 harm=False  fires=149.0 recall=1.0  precision=1.0
stacked_medium   penalty=0.0ms q4_a0.8_and          p95_wait: 14.633->13.722 (-6.2%) sign_p=0.0872 harm=False  fires=51.1 recall=0.9784313725490196  precision=1.0
stacked_medium   penalty=0.0ms q4_a1.5_or           p95_wait: 14.633->13.622 (-6.9%) sign_p=0.0241 harm=False  fires=100.0 recall=1.0  precision=1.0
stacked_medium   penalty=0.0ms q4_a1.5_and          p95_wait: 14.633->12.389 (-15.3%) sign_p=<0.0001 harm=False  fires=32.2 recall=0.9666666666666667  precision=1.0
stacked_medium   penalty=0.0ms q8_a0.8_or           p95_wait: 14.633->11.544 (-21.1%) sign_p=<0.0001 harm=False  fires=149.0 recall=1.0  precision=1.0
stacked_medium   penalty=0.0ms q8_a0.8_and          p95_wait: 14.633->14.411 (-1.5%) sign_p=0.3877 harm=False  fires=0.6 recall=0.03333333333333333  precision=1.0
stacked_medium   penalty=0.0ms q8_a1.5_or           p95_wait: 14.633->12.511 (-14.5%) sign_p=<0.0001 harm=False  fires=81.0 recall=1.0  precision=1.0
stacked_medium   penalty=0.0ms q8_a1.5_and          p95_wait: 14.633->14.411 (-1.5%) sign_p=0.3877 harm=False  fires=0.6 recall=0.03333333333333333  precision=1.0
stacked_medium   penalty=2.0ms q2_a0.8_or           p95_wait: 14.133->11.800 (-16.5%) sign_p=<0.0001 harm=False  fires=157.5 recall=1.0  precision=1.0
stacked_medium   penalty=2.0ms q2_a0.8_and          p95_wait: 14.133->12.467 (-11.8%) sign_p=0.0001 harm=False  fires=135.1 recall=1.0  precision=1.0
stacked_medium   penalty=2.0ms q2_a1.5_or           p95_wait: 14.133->12.256 (-13.3%) sign_p=<0.0001 harm=False  fires=146.4 recall=1.0  precision=1.0
stacked_medium   penalty=2.0ms q2_a1.5_and          p95_wait: 14.133->12.700 (-10.1%) sign_p=0.0094 harm=False  fires=58.6 recall=1.0  precision=1.0
stacked_medium   penalty=2.0ms q4_a0.8_or           p95_wait: 14.133->12.133 (-14.2%) sign_p=0.0001 harm=False  fires=149.0 recall=1.0  precision=1.0
stacked_medium   penalty=2.0ms q4_a0.8_and          p95_wait: 14.133->13.800 (-2.4%) sign_p=0.1849 harm=False  fires=51.4 recall=0.984313725490196  precision=1.0
stacked_medium   penalty=2.0ms q4_a1.5_or           p95_wait: 14.133->13.722 (-2.9%) sign_p=0.2005 harm=False  fires=98.8 recall=1.0  precision=1.0
stacked_medium   penalty=2.0ms q4_a1.5_and          p95_wait: 14.133->12.444 (-11.9%) sign_p=0.0081 harm=False  fires=34.3 recall=0.9607843137254902  precision=1.0
stacked_medium   penalty=2.0ms q8_a0.8_or           p95_wait: 14.133->12.133 (-14.2%) sign_p=0.0001 harm=False  fires=149.0 recall=1.0  precision=1.0
stacked_medium   penalty=2.0ms q8_a0.8_and          p95_wait: 14.133->14.233 (+0.7%) sign_p=1.0000 harm=False  fires=0.7 recall=0.0392156862745098  precision=1.0
stacked_medium   penalty=2.0ms q8_a1.5_or           p95_wait: 14.133->12.711 (-10.1%) sign_p=0.0094 harm=False  fires=81.0 recall=1.0  precision=1.0
stacked_medium   penalty=2.0ms q8_a1.5_and          p95_wait: 14.133->14.233 (+0.7%) sign_p=1.0000 harm=False  fires=0.7 recall=0.0392156862745098  precision=1.0

Wrote results_task6_threshold_grid_stacked_medium_perseed.csv and _summary.csv
